# lang=68000:BE:32:default:default capture=v1
800000b8  202f0004  move.l (0x4,SP),D0
          pcode: (unique,0x9300,4) = INT_ADD (register,0x3c,4) (const,0x4,4)
          pcode: (unique,0x9400,4) = LOAD (space,ram) (unique,0x9300,4)
          pcode: (unique,0x49c00,4) = COPY (unique,0x9400,4)
          pcode: (register,0x0,4) = COPY (unique,0x49c00,4)
          pcode: (register,0x44,1) = INT_SLESS (unique,0x49c00,4) (const,0x0,4)
          pcode: (register,0x45,1) = INT_EQUAL (unique,0x49c00,4) (const,0x0,4)
          pcode: (register,0x46,1) = COPY (const,0x0,1)
          pcode: (register,0x47,1) = COPY (const,0x0,1)
800000bc  4c2f08000008  muls.l (0x8,SP),D0
          pcode: (unique,0xf200,4) = INT_ADD (register,0x3c,4) (const,0x8,4)
          pcode: (unique,0xf300,4) = LOAD (space,ram) (unique,0xf200,4)
          pcode: (register,0x300,4) = COPY (unique,0xf300,4)
          pcode: (register,0x0,4) = INT_MULT (register,0x300,4) (register,0x0,4)
          pcode: (register,0x44,1) = INT_SLESS (register,0x0,4) (const,0x0,4)
          pcode: (register,0x45,1) = INT_EQUAL (register,0x0,4) (const,0x0,4)
          pcode: (register,0x47,1) = COPY (const,0x0,1)
800000c2  d0af0004  add.l (0x4,SP),D0
          pcode: (unique,0x9300,4) = INT_ADD (register,0x3c,4) (const,0x4,4)
          pcode: (unique,0x9400,4) = LOAD (space,ram) (unique,0x9300,4)
          pcode: (unique,0x16900,4) = COPY (unique,0x9400,4)
          pcode: (unique,0x16a00,4) = COPY (register,0x0,4)
          pcode: (register,0x47,1) = INT_CARRY (unique,0x16900,4) (unique,0x16a00,4)
          pcode: (register,0x46,1) = INT_SCARRY (unique,0x16900,4) (unique,0x16a00,4)
          pcode: (register,0x43,1) = COPY (register,0x47,1)
          pcode: (unique,0x16c00,4) = INT_ADD (unique,0x16900,4) (unique,0x16a00,4)
          pcode: (register,0x0,4) = COPY (unique,0x16c00,4)
          pcode: (register,0x44,1) = INT_SLESS (unique,0x16c00,4) (const,0x0,4)
          pcode: (register,0x45,1) = INT_EQUAL (unique,0x16c00,4) (const,0x0,4)
800000c6  4e75  rts 
          pcode: (register,0x50,4) = LOAD (space,ram) (register,0x3c,4)
          pcode: (register,0x3c,4) = INT_ADD (register,0x3c,4) (const,0x4,4)
          pcode: RETURN (register,0x50,4)
800000c8  48e73830  movem.l {  A3 A2 D4 D3 D2}, -(SP)
          pcode: (register,0x304,4) = COPY (register,0x3c,4)
          pcode: (register,0x304,4) = INT_SUB (register,0x304,4) (const,0x4,4)
          pcode: STORE (space,ram) (register,0x304,4) (register,0x2c,4)
          pcode: (register,0x304,4) = INT_SUB (register,0x304,4) (const,0x4,4)
          pcode: STORE (space,ram) (register,0x304,4) (register,0x28,4)
          pcode: (register,0x304,4) = INT_SUB (register,0x304,4) (const,0x4,4)
          pcode: STORE (space,ram) (register,0x304,4) (register,0x10,4)
          pcode: (register,0x304,4) = INT_SUB (register,0x304,4) (const,0x4,4)
          pcode: STORE (space,ram) (register,0x304,4) (register,0xc,4)
          pcode: (register,0x304,4) = INT_SUB (register,0x304,4) (const,0x4,4)
          pcode: STORE (space,ram) (register,0x304,4) (register,0x8,4)
          pcode: (register,0x3c,4) = COPY (register,0x304,4)
800000cc  282f001c  move.l (0x1c,SP),D4
          pcode: (unique,0x9300,4) = INT_ADD (register,0x3c,4) (const,0x1c,4)
          pcode: (unique,0x9400,4) = LOAD (space,ram) (unique,0x9300,4)
          pcode: (unique,0x49c00,4) = COPY (unique,0x9400,4)
          pcode: (register,0x10,4) = COPY (unique,0x49c00,4)
          pcode: (register,0x44,1) = INT_SLESS (unique,0x49c00,4) (const,0x0,4)
          pcode: (register,0x45,1) = INT_EQUAL (unique,0x49c00,4) (const,0x0,4)
          pcode: (register,0x46,1) = COPY (const,0x0,1)
          pcode: (register,0x47,1) = COPY (const,0x0,1)
800000d0  6f24  ble.b 0x800000f6
          pcode: (unique,0x15100,1) = INT_NOTEQUAL (register,0x46,1) (register,0x44,1)
          pcode: (unique,0x15300,1) = BOOL_OR (register,0x45,1) (unique,0x15100,1)
          pcode: CBRANCH (ram,0x800000f6,4) (unique,0x15300,1)
800000d2  246f0018  movea.l (0x18,SP),A2
          pcode: (unique,0x9300,4) = INT_ADD (register,0x3c,4) (const,0x18,4)
          pcode: (unique,0x9400,4) = LOAD (space,ram) (unique,0x9300,4)
          pcode: (register,0x28,4) = COPY (unique,0x9400,4)
800000d6  4282  clr.l D2
          pcode: (register,0x8,4) = COPY (const,0x0,4)
          pcode: (register,0x44,1) = COPY (const,0x0,1)
          pcode: (register,0x45,1) = COPY (const,0x1,1)
          pcode: (register,0x46,1) = COPY (const,0x0,1)
          pcode: (register,0x47,1) = COPY (const,0x0,1)
800000d8  4283  clr.l D3
          pcode: (register,0xc,4) = COPY (const,0x0,4)
          pcode: (register,0x44,1) = COPY (const,0x0,1)
          pcode: (register,0x45,1) = COPY (const,0x1,1)
          pcode: (register,0x46,1) = COPY (const,0x0,1)
          pcode: (register,0x47,1) = COPY (const,0x0,1)
800000da  47faffdc  lea (-0x24,PC),A3
          pcode: (unique,0x12800,4) = INT_ADD (const,0x800000da,4) (const,0x2,4)
          pcode: (unique,0x12a00,4) = INT_ADD (unique,0x12800,4) (const,0xffffffdc,4)
          pcode: (register,0x2c,4) = COPY (unique,0x12a00,4)
800000de  2f02  move.l D2,-(SP)
          pcode: (unique,0x49c00,4) = COPY (register,0x8,4)
          pcode: (register,0x3c,4) = INT_SUB (register,0x3c,4) (const,0x4,4)
          pcode: (unique,0xf000,4) = COPY (unique,0x49c00,4)
          pcode: STORE (space,ram) (register,0x3c,4) (unique,0xf000,4)
          pcode: (register,0x44,1) = INT_SLESS (unique,0x49c00,4) (const,0x0,4)
          pcode: (register,0x45,1) = INT_EQUAL (unique,0x49c00,4) (const,0x0,4)
          pcode: (register,0x46,1) = COPY (const,0x0,1)
          pcode: (register,0x47,1) = COPY (const,0x0,1)
800000e0  2f1a  move.l (A2)+,-(SP)
          pcode: (unique,0x8d00,4) = COPY (register,0x28,4)
          pcode: (register,0x28,4) = INT_ADD (register,0x28,4) (const,0x4,4)
          pcode: (unique,0x8f00,4) = LOAD (space,ram) (unique,0x8d00,4)
          pcode: (unique,0x49c00,4) = COPY (unique,0x8f00,4)
          pcode: (register,0x3c,4) = INT_SUB (register,0x3c,4) (const,0x4,4)
          pcode: (unique,0xf000,4) = COPY (unique,0x49c00,4)
          pcode: STORE (space,ram) (register,0x3c,4) (unique,0xf000,4)
          pcode: (register,0x44,1) = INT_SLESS (unique,0x49c00,4) (const,0x0,4)
          pcode: (register,0x45,1) = INT_EQUAL (unique,0x49c00,4) (const,0x0,4)
          pcode: (register,0x46,1) = COPY (const,0x0,1)
          pcode: (register,0x47,1) = COPY (const,0x0,1)
800000e2  4e93  jsr (A3)
          pcode: (register,0x3c,4) = INT_SUB (register,0x3c,4) (const,0x4,4)
          pcode: STORE (space,ram) (register,0x3c,4) (const,0x800000e4,4)
          pcode: CALLIND (register,0x2c,4)
800000e4  508f  addq.l #0x8,SP
          pcode: (register,0x3c,4) = INT_ADD (register,0x3c,4) (const,0x8,4)
800000e6  d680  add.l D0,D3
          pcode: (unique,0x16900,4) = COPY (register,0x0,4)
          pcode: (unique,0x16a00,4) = COPY (register,0xc,4)
          pcode: (register,0x47,1) = INT_CARRY (unique,0x16900,4) (unique,0x16a00,4)
          pcode: (register,0x46,1) = INT_SCARRY (unique,0x16900,4) (unique,0x16a00,4)
          pcode: (register,0x43,1) = COPY (register,0x47,1)
          pcode: (unique,0x16c00,4) = INT_ADD (unique,0x16900,4) (unique,0x16a00,4)
          pcode: (register,0xc,4) = COPY (unique,0x16c00,4)
          pcode: (register,0x44,1) = INT_SLESS (unique,0x16c00,4) (const,0x0,4)
          pcode: (register,0x45,1) = INT_EQUAL (unique,0x16c00,4) (const,0x0,4)
800000e8  5282  addq.l #0x1,D2
          pcode: (unique,0x16900,4) = COPY (const,0x1,4)
          pcode: (unique,0x16a00,4) = COPY (register,0x8,4)
          pcode: (register,0x47,1) = INT_CARRY (unique,0x16900,4) (unique,0x16a00,4)
          pcode: (register,0x46,1) = INT_SCARRY (unique,0x16900,4) (unique,0x16a00,4)
          pcode: (register,0x43,1) = COPY (register,0x47,1)
          pcode: (unique,0x16c00,4) = INT_ADD (unique,0x16900,4) (unique,0x16a00,4)
          pcode: (register,0x8,4) = COPY (unique,0x16c00,4)
          pcode: (register,0x44,1) = INT_SLESS (unique,0x16c00,4) (const,0x0,4)
          pcode: (register,0x45,1) = INT_EQUAL (unique,0x16c00,4) (const,0x0,4)
800000ea  b484  cmp.l D4,D2
          pcode: (unique,0x40a00,4) = COPY (register,0x10,4)
          pcode: (register,0x47,1) = INT_LESS (register,0x8,4) (unique,0x40a00,4)
          pcode: (register,0x46,1) = INT_SBORROW (register,0x8,4) (unique,0x40a00,4)
          pcode: (register,0x43,1) = COPY (register,0x47,1)
          pcode: (unique,0x40c00,4) = INT_SUB (register,0x8,4) (unique,0x40a00,4)
          pcode: (register,0x44,1) = INT_SLESS (unique,0x40c00,4) (const,0x0,4)
          pcode: (register,0x45,1) = INT_EQUAL (unique,0x40c00,4) (const,0x0,4)
800000ec  66f0  bne.b 0x800000de
          pcode: (unique,0x14400,1) = BOOL_NEGATE (register,0x45,1)
          pcode: CBRANCH (ram,0x800000de,4) (unique,0x14400,1)
800000ee  2003  move.l D3,D0
          pcode: (unique,0x49c00,4) = COPY (register,0xc,4)
          pcode: (register,0x0,4) = COPY (unique,0x49c00,4)
          pcode: (register,0x44,1) = INT_SLESS (unique,0x49c00,4) (const,0x0,4)
          pcode: (register,0x45,1) = INT_EQUAL (unique,0x49c00,4) (const,0x0,4)
          pcode: (register,0x46,1) = COPY (const,0x0,1)
          pcode: (register,0x47,1) = COPY (const,0x0,1)
800000f0  4cdf0c1c  movem.l (SP)+, {  D2 D3 D4 A2 A3}
          pcode: (register,0x304,4) = COPY (register,0x3c,4)
          pcode: (register,0x8,4) = LOAD (space,ram) (register,0x304,4)
          pcode: (register,0x304,4) = INT_ADD (register,0x304,4) (const,0x4,4)
          pcode: (register,0xc,4) = LOAD (space,ram) (register,0x304,4)
          pcode: (register,0x304,4) = INT_ADD (register,0x304,4) (const,0x4,4)
          pcode: (register,0x10,4) = LOAD (space,ram) (register,0x304,4)
          pcode: (register,0x304,4) = INT_ADD (register,0x304,4) (const,0x4,4)
          pcode: (register,0x28,4) = LOAD (space,ram) (register,0x304,4)
          pcode: (register,0x304,4) = INT_ADD (register,0x304,4) (const,0x4,4)
          pcode: (register,0x2c,4) = LOAD (space,ram) (register,0x304,4)
          pcode: (register,0x304,4) = INT_ADD (register,0x304,4) (const,0x4,4)
          pcode: (register,0x3c,4) = COPY (register,0x304,4)
800000f4  4e75  rts 
          pcode: (register,0x50,4) = LOAD (space,ram) (register,0x3c,4)
          pcode: (register,0x3c,4) = INT_ADD (register,0x3c,4) (const,0x4,4)
          pcode: RETURN (register,0x50,4)
800000f6  4283  clr.l D3
          pcode: (register,0xc,4) = COPY (const,0x0,4)
          pcode: (register,0x44,1) = COPY (const,0x0,1)
          pcode: (register,0x45,1) = COPY (const,0x1,1)
          pcode: (register,0x46,1) = COPY (const,0x0,1)
          pcode: (register,0x47,1) = COPY (const,0x0,1)
800000f8  60f4  bra.b 0x800000ee
          pcode: BRANCH (ram,0x800000ee,4)
