# lang=z80:LE:16:default:default capture=v1
00000200  dde5  PUSH IX
          pcode: (register,0x44,2) = INT_SUB (register,0x44,2) (const,0x2,2)
          pcode: STORE (space,ram) (register,0x44,2) (register,0x46,2)
00000202  dd210000  LD IX,0x0
          pcode: (register,0x46,2) = COPY (const,0x0,2)
00000206  dd39  ADD IX,SP
          pcode: (unique,0x33200,2) = COPY (register,0x46,2)
          pcode: (unique,0x33300,2) = COPY (register,0x44,2)
          pcode: (unique,0x2800,2) = INT_2COMP (const,0x1,2)
          pcode: (unique,0x2a00,2) = INT_RIGHT (unique,0x2800,2) (const,0x4,4)
          pcode: (unique,0x3100,1) = INT_AND (register,0x0,1) (const,0xef,1)
          pcode: (unique,0x2b00,2) = INT_AND (unique,0x33200,2) (unique,0x2a00,2)
          pcode: (unique,0x2c00,2) = INT_AND (unique,0x33300,2) (unique,0x2a00,2)
          pcode: (unique,0x2d00,2) = INT_ADD (unique,0x2b00,2) (unique,0x2c00,2)
          pcode: (unique,0x2e00,2) = INT_ADD (unique,0x2a00,2) (const,0x1,2)
          pcode: (unique,0x2f00,2) = INT_AND (unique,0x2d00,2) (unique,0x2e00,2)
          pcode: (unique,0x3000,1) = INT_NOTEQUAL (unique,0x2f00,2) (const,0x0,2)
          pcode: (unique,0x3200,1) = INT_LEFT (unique,0x3000,1) (const,0x4,4)
          pcode: (register,0x0,1) = INT_OR (unique,0x3100,1) (unique,0x3200,1)
          pcode: (unique,0x3300,1) = INT_AND (register,0x0,1) (const,0xfd,1)
          pcode: (unique,0x3400,1) = INT_LEFT (const,0x0,1) (const,0x1,4)
          pcode: (register,0x0,1) = INT_OR (unique,0x3300,1) (unique,0x3400,1)
          pcode: (unique,0x3600,1) = INT_AND (register,0x0,1) (const,0xfe,1)
          pcode: (unique,0x3500,1) = INT_CARRY (unique,0x33200,2) (unique,0x33300,2)
          pcode: (register,0x0,1) = INT_OR (unique,0x3600,1) (unique,0x3500,1)
          pcode: (register,0x46,2) = INT_ADD (unique,0x33200,2) (register,0x44,2)
00000208  eb  EX DE,HL
          pcode: (unique,0xff00,2) = COPY (register,0x4,2)
          pcode: (register,0x4,2) = COPY (register,0x6,2)
          pcode: (register,0x6,2) = COPY (unique,0xff00,2)
00000209  010000  LD BC,0x0
          pcode: (register,0x2,2) = COPY (const,0x0,2)
0000020c  78  LD A,B
          pcode: (register,0x1,1) = COPY (register,0x3,1)
0000020d  dd9604  SUB (IX+0x4)
          pcode: (unique,0xbd00,2) = INT_ADD (register,0x46,2) (const,0x4,2)
          pcode: (unique,0xbe00,1) = LOAD (space,ram) (unique,0xbd00,2)
          pcode: (unique,0x1c400,1) = COPY (unique,0xbe00,1)
          pcode: (unique,0x1c500,1) = COPY (register,0x1,1)
          pcode: (unique,0x5a00,1) = INT_2COMP (const,0x1,1)
          pcode: (unique,0x5c00,1) = INT_RIGHT (unique,0x5a00,1) (const,0x4,4)
          pcode: (unique,0x6300,1) = INT_AND (register,0x0,1) (const,0xef,1)
          pcode: (unique,0x5d00,1) = INT_AND (unique,0x1c500,1) (unique,0x5c00,1)
          pcode: (unique,0x5e00,1) = INT_AND (unique,0x1c400,1) (unique,0x5c00,1)
          pcode: (unique,0x5f00,1) = INT_SUB (unique,0x5d00,1) (unique,0x5e00,1)
          pcode: (unique,0x6000,1) = INT_ADD (unique,0x5c00,1) (const,0x1,1)
          pcode: (unique,0x6100,1) = INT_AND (unique,0x5f00,1) (unique,0x6000,1)
          pcode: (unique,0x6200,1) = INT_NOTEQUAL (unique,0x6100,1) (const,0x0,1)
          pcode: (unique,0x6400,1) = INT_LEFT (unique,0x6200,1) (const,0x4,4)
          pcode: (register,0x0,1) = INT_OR (unique,0x6300,1) (unique,0x6400,1)
          pcode: (unique,0x6600,1) = INT_AND (register,0x0,1) (const,0xfb,1)
          pcode: (unique,0x6500,1) = INT_SBORROW (unique,0x1c500,1) (unique,0x1c400,1)
          pcode: (unique,0x6700,1) = INT_LEFT (unique,0x6500,1) (const,0x2,4)
          pcode: (register,0x0,1) = INT_OR (unique,0x6600,1) (unique,0x6700,1)
          pcode: (unique,0x6800,1) = INT_AND (register,0x0,1) (const,0xfd,1)
          pcode: (unique,0x6900,1) = INT_LEFT (const,0x1,1) (const,0x1,4)
          pcode: (register,0x0,1) = INT_OR (unique,0x6800,1) (unique,0x6900,1)
          pcode: (unique,0x6b00,1) = INT_AND (register,0x0,1) (const,0xfe,1)
          pcode: (unique,0x6a00,1) = INT_LESS (unique,0x1c500,1) (unique,0x1c400,1)
          pcode: (register,0x0,1) = INT_OR (unique,0x6b00,1) (unique,0x6a00,1)
          pcode: (unique,0x1c500,1) = INT_SUB (unique,0x1c500,1) (unique,0x1c400,1)
          pcode: (unique,0x100,1) = INT_AND (register,0x0,1) (const,0xbf,1)
          pcode: (unique,0x0,1) = INT_EQUAL (unique,0x1c500,1) (const,0x0,1)
          pcode: (unique,0x200,1) = INT_LEFT (unique,0x0,1) (const,0x6,4)
          pcode: (register,0x0,1) = INT_OR (unique,0x100,1) (unique,0x200,1)
          pcode: (unique,0x400,1) = INT_AND (register,0x0,1) (const,0x7f,1)
          pcode: (unique,0x300,1) = INT_SLESS (unique,0x1c500,1) (const,0x0,1)
          pcode: (unique,0x500,1) = INT_LEFT (unique,0x300,1) (const,0x7,4)
          pcode: (register,0x0,1) = INT_OR (unique,0x400,1) (unique,0x500,1)
          pcode: (register,0x1,1) = COPY (unique,0x1c500,1)
00000210  3011  JR NC,0x223
          pcode: (unique,0xef00,1) = INT_AND (register,0x0,1) (const,0x1,1)
          pcode: (unique,0xf100,1) = INT_EQUAL (unique,0xef00,1) (const,0x0,1)
          pcode: CBRANCH (ram,0x223,1) (unique,0xf100,1)
00000212  68  LD L,B
          pcode: (register,0x6,1) = COPY (register,0x3,1)
00000213  2600  LD H,0x0
          pcode: (register,0x7,1) = COPY (const,0x0,1)
00000215  19  ADD HL,DE
          pcode: (unique,0x32700,2) = COPY (register,0x6,2)
          pcode: (unique,0x32800,2) = COPY (register,0x4,2)
          pcode: (unique,0x2800,2) = INT_2COMP (const,0x1,2)
          pcode: (unique,0x2a00,2) = INT_RIGHT (unique,0x2800,2) (const,0x4,4)
          pcode: (unique,0x3100,1) = INT_AND (register,0x0,1) (const,0xef,1)
          pcode: (unique,0x2b00,2) = INT_AND (unique,0x32700,2) (unique,0x2a00,2)
          pcode: (unique,0x2c00,2) = INT_AND (unique,0x32800,2) (unique,0x2a00,2)
          pcode: (unique,0x2d00,2) = INT_ADD (unique,0x2b00,2) (unique,0x2c00,2)
          pcode: (unique,0x2e00,2) = INT_ADD (unique,0x2a00,2) (const,0x1,2)
          pcode: (unique,0x2f00,2) = INT_AND (unique,0x2d00,2) (unique,0x2e00,2)
          pcode: (unique,0x3000,1) = INT_NOTEQUAL (unique,0x2f00,2) (const,0x0,2)
          pcode: (unique,0x3200,1) = INT_LEFT (unique,0x3000,1) (const,0x4,4)
          pcode: (register,0x0,1) = INT_OR (unique,0x3100,1) (unique,0x3200,1)
          pcode: (unique,0x3300,1) = INT_AND (register,0x0,1) (const,0xfd,1)
          pcode: (unique,0x3400,1) = INT_LEFT (const,0x0,1) (const,0x1,4)
          pcode: (register,0x0,1) = INT_OR (unique,0x3300,1) (unique,0x3400,1)
          pcode: (unique,0x3600,1) = INT_AND (register,0x0,1) (const,0xfe,1)
          pcode: (unique,0x3500,1) = INT_CARRY (unique,0x32700,2) (unique,0x32800,2)
          pcode: (register,0x0,1) = INT_OR (unique,0x3600,1) (unique,0x3500,1)
          pcode: (register,0x6,2) = INT_ADD (unique,0x32700,2) (unique,0x32800,2)
00000216  7e  LD A,(HL)
          pcode: (register,0x1,1) = LOAD (space,ram) (register,0x6,2)
00000217  c5  PUSH BC
          pcode: (register,0x44,2) = INT_SUB (register,0x44,2) (const,0x2,2)
          pcode: STORE (space,ram) (register,0x44,2) (register,0x2,2)
00000218  d5  PUSH DE
          pcode: (register,0x44,2) = INT_SUB (register,0x44,2) (const,0x2,2)
          pcode: STORE (space,ram) (register,0x44,2) (register,0x4,2)
00000219  cd2902  CALL 0x229
          pcode: (register,0x44,2) = INT_SUB (register,0x44,2) (const,0x2,2)
          pcode: STORE (space,ram) (register,0x44,2) (const,0x21c,2)
          pcode: CALL (ram,0x229,1)
0000021c  d1  POP DE
          pcode: (register,0x4,2) = LOAD (space,ram) (register,0x44,2)
          pcode: (register,0x44,2) = INT_ADD (register,0x44,2) (const,0x2,2)
0000021d  c1  POP BC
          pcode: (register,0x2,2) = LOAD (space,ram) (register,0x44,2)
          pcode: (register,0x44,2) = INT_ADD (register,0x44,2) (const,0x2,2)
0000021e  81  ADD A, C
          pcode: (unique,0x1a400,1) = COPY (register,0x1,1)
          pcode: (unique,0x1a500,1) = COPY (register,0x2,1)
          pcode: (unique,0x600,1) = INT_2COMP (const,0x1,1)
          pcode: (unique,0x800,1) = INT_RIGHT (unique,0x600,1) (const,0x4,4)
          pcode: (unique,0xf00,1) = INT_AND (register,0x0,1) (const,0xef,1)
          pcode: (unique,0x900,1) = INT_AND (unique,0x1a400,1) (unique,0x800,1)
          pcode: (unique,0xa00,1) = INT_AND (unique,0x1a500,1) (unique,0x800,1)
          pcode: (unique,0xb00,1) = INT_ADD (unique,0x900,1) (unique,0xa00,1)
          pcode: (unique,0xc00,1) = INT_ADD (unique,0x800,1) (const,0x1,1)
          pcode: (unique,0xd00,1) = INT_AND (unique,0xb00,1) (unique,0xc00,1)
          pcode: (unique,0xe00,1) = INT_NOTEQUAL (unique,0xd00,1) (const,0x0,1)
          pcode: (unique,0x1000,1) = INT_LEFT (unique,0xe00,1) (const,0x4,4)
          pcode: (register,0x0,1) = INT_OR (unique,0xf00,1) (unique,0x1000,1)
          pcode: (unique,0x1200,1) = INT_AND (register,0x0,1) (const,0xfb,1)
          pcode: (unique,0x1100,1) = INT_SCARRY (unique,0x1a400,1) (unique,0x1a500,1)
          pcode: (unique,0x1300,1) = INT_LEFT (unique,0x1100,1) (const,0x2,4)
          pcode: (register,0x0,1) = INT_OR (unique,0x1200,1) (unique,0x1300,1)
          pcode: (unique,0x1400,1) = INT_AND (register,0x0,1) (const,0xfd,1)
          pcode: (unique,0x1500,1) = INT_LEFT (const,0x0,1) (const,0x1,4)
          pcode: (register,0x0,1) = INT_OR (unique,0x1400,1) (unique,0x1500,1)
          pcode: (unique,0x1700,1) = INT_AND (register,0x0,1) (const,0xfe,1)
          pcode: (unique,0x1600,1) = INT_CARRY (unique,0x1a400,1) (unique,0x1a500,1)
          pcode: (register,0x0,1) = INT_OR (unique,0x1700,1) (unique,0x1600,1)
          pcode: (unique,0x1a400,1) = INT_ADD (unique,0x1a400,1) (register,0x2,1)
          pcode: (unique,0x100,1) = INT_AND (register,0x0,1) (const,0xbf,1)
          pcode: (unique,0x0,1) = INT_EQUAL (unique,0x1a400,1) (const,0x0,1)
          pcode: (unique,0x200,1) = INT_LEFT (unique,0x0,1) (const,0x6,4)
          pcode: (register,0x0,1) = INT_OR (unique,0x100,1) (unique,0x200,1)
          pcode: (unique,0x400,1) = INT_AND (register,0x0,1) (const,0x7f,1)
          pcode: (unique,0x300,1) = INT_SLESS (unique,0x1a400,1) (const,0x0,1)
          pcode: (unique,0x500,1) = INT_LEFT (unique,0x300,1) (const,0x7,4)
          pcode: (register,0x0,1) = INT_OR (unique,0x400,1) (unique,0x500,1)
          pcode: (register,0x1,1) = COPY (unique,0x1a400,1)
0000021f  4f  LD C,A
          pcode: (register,0x2,1) = COPY (register,0x1,1)
00000220  04  INC B
          pcode: (unique,0x25200,1) = COPY (register,0x3,1)
          pcode: (unique,0x600,1) = INT_2COMP (const,0x1,1)
          pcode: (unique,0x800,1) = INT_RIGHT (unique,0x600,1) (const,0x4,4)
          pcode: (unique,0xf00,1) = INT_AND (register,0x0,1) (const,0xef,1)
          pcode: (unique,0x900,1) = INT_AND (unique,0x25200,1) (unique,0x800,1)
          pcode: (unique,0xa00,1) = INT_AND (const,0x1,1) (unique,0x800,1)
          pcode: (unique,0xb00,1) = INT_ADD (unique,0x900,1) (unique,0xa00,1)
          pcode: (unique,0xc00,1) = INT_ADD (unique,0x800,1) (const,0x1,1)
          pcode: (unique,0xd00,1) = INT_AND (unique,0xb00,1) (unique,0xc00,1)
          pcode: (unique,0xe00,1) = INT_NOTEQUAL (unique,0xd00,1) (const,0x0,1)
          pcode: (unique,0x1000,1) = INT_LEFT (unique,0xe00,1) (const,0x4,4)
          pcode: (register,0x0,1) = INT_OR (unique,0xf00,1) (unique,0x1000,1)
          pcode: (unique,0x1200,1) = INT_AND (register,0x0,1) (const,0xfb,1)
          pcode: (unique,0x1100,1) = INT_SCARRY (unique,0x25200,1) (const,0x1,1)
          pcode: (unique,0x1300,1) = INT_LEFT (unique,0x1100,1) (const,0x2,4)
          pcode: (register,0x0,1) = INT_OR (unique,0x1200,1) (unique,0x1300,1)
          pcode: (unique,0x1400,1) = INT_AND (register,0x0,1) (const,0xfd,1)
          pcode: (unique,0x1500,1) = INT_LEFT (const,0x0,1) (const,0x1,4)
          pcode: (register,0x0,1) = INT_OR (unique,0x1400,1) (unique,0x1500,1)
          pcode: (unique,0x1700,1) = INT_AND (register,0x0,1) (const,0xfe,1)
          pcode: (unique,0x1600,1) = INT_CARRY (unique,0x25200,1) (const,0x1,1)
          pcode: (register,0x0,1) = INT_OR (unique,0x1700,1) (unique,0x1600,1)
          pcode: (unique,0x25200,1) = INT_ADD (unique,0x25200,1) (const,0x1,1)
          pcode: (register,0x3,1) = COPY (unique,0x25200,1)
          pcode: (unique,0x100,1) = INT_AND (register,0x0,1) (const,0xbf,1)
          pcode: (unique,0x0,1) = INT_EQUAL (unique,0x25200,1) (const,0x0,1)
          pcode: (unique,0x200,1) = INT_LEFT (unique,0x0,1) (const,0x6,4)
          pcode: (register,0x0,1) = INT_OR (unique,0x100,1) (unique,0x200,1)
          pcode: (unique,0x400,1) = INT_AND (register,0x0,1) (const,0x7f,1)
          pcode: (unique,0x300,1) = INT_SLESS (unique,0x25200,1) (const,0x0,1)
          pcode: (unique,0x500,1) = INT_LEFT (unique,0x300,1) (const,0x7,4)
          pcode: (register,0x0,1) = INT_OR (unique,0x400,1) (unique,0x500,1)
00000221  18e9  JR 0x20c
          pcode: BRANCH (ram,0x20c,1)
00000223  79  LD A,C
          pcode: (register,0x1,1) = COPY (register,0x2,1)
00000224  dde1  POP IX
          pcode: (register,0x46,2) = LOAD (space,ram) (register,0x44,2)
          pcode: (register,0x44,2) = INT_ADD (register,0x44,2) (const,0x2,2)
00000226  e1  POP HL
          pcode: (register,0x6,2) = LOAD (space,ram) (register,0x44,2)
          pcode: (register,0x44,2) = INT_ADD (register,0x44,2) (const,0x2,2)
00000227  33  INC SP
          pcode: (register,0x44,2) = INT_ADD (register,0x44,2) (const,0x1,2)
00000228  e9  JP (HL)
          pcode: (unique,0x4e400,2) = INT_ZEXT (register,0x7,1)
          pcode: (unique,0x4e500,2) = INT_LEFT (unique,0x4e400,2) (const,0x8,4)
          pcode: (unique,0x4e600,2) = INT_ZEXT (register,0x6,1)
          pcode: (unique,0x4e800,2) = INT_OR (unique,0x4e500,2) (unique,0x4e600,2)
          pcode: BRANCHIND (unique,0x4e800,2)
00000229  87  ADD A, A
          pcode: (unique,0x1a400,1) = COPY (register,0x1,1)
          pcode: (unique,0x1a500,1) = COPY (register,0x1,1)
          pcode: (unique,0x600,1) = INT_2COMP (const,0x1,1)
          pcode: (unique,0x800,1) = INT_RIGHT (unique,0x600,1) (const,0x4,4)
          pcode: (unique,0xf00,1) = INT_AND (register,0x0,1) (const,0xef,1)
          pcode: (unique,0x900,1) = INT_AND (unique,0x1a400,1) (unique,0x800,1)
          pcode: (unique,0xa00,1) = INT_AND (unique,0x1a500,1) (unique,0x800,1)
          pcode: (unique,0xb00,1) = INT_ADD (unique,0x900,1) (unique,0xa00,1)
          pcode: (unique,0xc00,1) = INT_ADD (unique,0x800,1) (const,0x1,1)
          pcode: (unique,0xd00,1) = INT_AND (unique,0xb00,1) (unique,0xc00,1)
          pcode: (unique,0xe00,1) = INT_NOTEQUAL (unique,0xd00,1) (const,0x0,1)
          pcode: (unique,0x1000,1) = INT_LEFT (unique,0xe00,1) (const,0x4,4)
          pcode: (register,0x0,1) = INT_OR (unique,0xf00,1) (unique,0x1000,1)
          pcode: (unique,0x1200,1) = INT_AND (register,0x0,1) (const,0xfb,1)
          pcode: (unique,0x1100,1) = INT_SCARRY (unique,0x1a400,1) (unique,0x1a500,1)
          pcode: (unique,0x1300,1) = INT_LEFT (unique,0x1100,1) (const,0x2,4)
          pcode: (register,0x0,1) = INT_OR (unique,0x1200,1) (unique,0x1300,1)
          pcode: (unique,0x1400,1) = INT_AND (register,0x0,1) (const,0xfd,1)
          pcode: (unique,0x1500,1) = INT_LEFT (const,0x0,1) (const,0x1,4)
          pcode: (register,0x0,1) = INT_OR (unique,0x1400,1) (unique,0x1500,1)
          pcode: (unique,0x1700,1) = INT_AND (register,0x0,1) (const,0xfe,1)
          pcode: (unique,0x1600,1) = INT_CARRY (unique,0x1a400,1) (unique,0x1a500,1)
          pcode: (register,0x0,1) = INT_OR (unique,0x1700,1) (unique,0x1600,1)
          pcode: (unique,0x1a400,1) = INT_ADD (unique,0x1a400,1) (register,0x1,1)
          pcode: (unique,0x100,1) = INT_AND (register,0x0,1) (const,0xbf,1)
          pcode: (unique,0x0,1) = INT_EQUAL (unique,0x1a400,1) (const,0x0,1)
          pcode: (unique,0x200,1) = INT_LEFT (unique,0x0,1) (const,0x6,4)
          pcode: (register,0x0,1) = INT_OR (unique,0x100,1) (unique,0x200,1)
          pcode: (unique,0x400,1) = INT_AND (register,0x0,1) (const,0x7f,1)
          pcode: (unique,0x300,1) = INT_SLESS (unique,0x1a400,1) (const,0x0,1)
          pcode: (unique,0x500,1) = INT_LEFT (unique,0x300,1) (const,0x7,4)
          pcode: (register,0x0,1) = INT_OR (unique,0x400,1) (unique,0x500,1)
          pcode: (register,0x1,1) = COPY (unique,0x1a400,1)
0000022a  3c  INC A
          pcode: (unique,0x25200,1) = COPY (register,0x1,1)
          pcode: (unique,0x600,1) = INT_2COMP (const,0x1,1)
          pcode: (unique,0x800,1) = INT_RIGHT (unique,0x600,1) (const,0x4,4)
          pcode: (unique,0xf00,1) = INT_AND (register,0x0,1) (const,0xef,1)
          pcode: (unique,0x900,1) = INT_AND (unique,0x25200,1) (unique,0x800,1)
          pcode: (unique,0xa00,1) = INT_AND (const,0x1,1) (unique,0x800,1)
          pcode: (unique,0xb00,1) = INT_ADD (unique,0x900,1) (unique,0xa00,1)
          pcode: (unique,0xc00,1) = INT_ADD (unique,0x800,1) (const,0x1,1)
          pcode: (unique,0xd00,1) = INT_AND (unique,0xb00,1) (unique,0xc00,1)
          pcode: (unique,0xe00,1) = INT_NOTEQUAL (unique,0xd00,1) (const,0x0,1)
          pcode: (unique,0x1000,1) = INT_LEFT (unique,0xe00,1) (const,0x4,4)
          pcode: (register,0x0,1) = INT_OR (unique,0xf00,1) (unique,0x1000,1)
          pcode: (unique,0x1200,1) = INT_AND (register,0x0,1) (const,0xfb,1)
          pcode: (unique,0x1100,1) = INT_SCARRY (unique,0x25200,1) (const,0x1,1)
          pcode: (unique,0x1300,1) = INT_LEFT (unique,0x1100,1) (const,0x2,4)
          pcode: (register,0x0,1) = INT_OR (unique,0x1200,1) (unique,0x1300,1)
          pcode: (unique,0x1400,1) = INT_AND (register,0x0,1) (const,0xfd,1)
          pcode: (unique,0x1500,1) = INT_LEFT (const,0x0,1) (const,0x1,4)
          pcode: (register,0x0,1) = INT_OR (unique,0x1400,1) (unique,0x1500,1)
          pcode: (unique,0x1700,1) = INT_AND (register,0x0,1) (const,0xfe,1)
          pcode: (unique,0x1600,1) = INT_CARRY (unique,0x25200,1) (const,0x1,1)
          pcode: (register,0x0,1) = INT_OR (unique,0x1700,1) (unique,0x1600,1)
          pcode: (unique,0x25200,1) = INT_ADD (unique,0x25200,1) (const,0x1,1)
          pcode: (register,0x1,1) = COPY (unique,0x25200,1)
          pcode: (unique,0x100,1) = INT_AND (register,0x0,1) (const,0xbf,1)
          pcode: (unique,0x0,1) = INT_EQUAL (unique,0x25200,1) (const,0x0,1)
          pcode: (unique,0x200,1) = INT_LEFT (unique,0x0,1) (const,0x6,4)
          pcode: (register,0x0,1) = INT_OR (unique,0x100,1) (unique,0x200,1)
          pcode: (unique,0x400,1) = INT_AND (register,0x0,1) (const,0x7f,1)
          pcode: (unique,0x300,1) = INT_SLESS (unique,0x25200,1) (const,0x0,1)
          pcode: (unique,0x500,1) = INT_LEFT (unique,0x300,1) (const,0x7,4)
          pcode: (register,0x0,1) = INT_OR (unique,0x400,1) (unique,0x500,1)
0000022b  c9  RET 
          pcode: (register,0x42,2) = LOAD (space,ram) (register,0x44,2)
          pcode: (register,0x44,2) = INT_ADD (register,0x44,2) (const,0x2,2)
          pcode: RETURN (register,0x42,2)
